{
  "auditDate": "2026-09-09",
  "runtime": "v20.20.2",
  "refs": {
    "dash500": "4d23d75e9e9096666afb2c80557d8ccbe1a20cc9",
    "dash520": "4a2d7a93782e544999734410166101a68f8ba079",
    "baseline": "cb2640d0a77608f9f438044668947222bc6c2fef",
    "pr5120": "87670d1bcf3a6c4b83bb43cee9e7f87662364b93",
    "upstreamTag": "wooorm/bcp-47-normalize@2.3.0"
  },
  "versions": {
    "bcp-47-normalize": "2.3.0",
    "bcp-47-match": "2.0.3",
    "bcp-47": "2.1.0",
    "is-alphabetical": "2.0.1",
    "is-alphanumerical": "2.0.1",
    "is-decimal": "2.0.1"
  },
  "tables": {
    "matches": 462,
    "fields": 320,
    "likely": 8034,
    "parserNormal": 26,
    "ambiguousRegions": 23,
    "iso639": 202
  },
  "overall": {
    "inputs": 32390,
    "baselineDifferences": 23904,
    "proposedDifferences": 23896,
    "baselineCaseOnly": 15,
    "fixedByPR": 8,
    "introducedByPR": 0
  },
  "parserAccepted": {
    "inputs": 32373,
    "baselineDifferences": 23888,
    "proposedDifferences": 23880,
    "baselineCaseOnly": 15,
    "fixedByPR": 8,
    "introducedByPR": 0
  },
  "perFamily": {
    "ambiguous-regions": {
      "inputs": 23,
      "baselineDifferences": 0,
      "proposedDifferences": 0,
      "baselineCaseOnly": 0,
      "fixedByPR": 0,
      "introducedByPR": 0
    },
    "case-probes": {
      "inputs": 297,
      "baselineDifferences": 85,
      "proposedDifferences": 82,
      "baselineCaseOnly": 10,
      "fixedByPR": 3,
      "introducedByPR": 0
    },
    "fields": {
      "inputs": 640,
      "baselineDifferences": 640,
      "proposedDifferences": 640,
      "baselineCaseOnly": 0,
      "fixedByPR": 0,
      "introducedByPR": 0
    },
    "iso-639": {
      "inputs": 202,
      "baselineDifferences": 2,
      "proposedDifferences": 2,
      "baselineCaseOnly": 0,
      "fixedByPR": 0,
      "introducedByPR": 0
    },
    "likely": {
      "inputs": 30389,
      "baselineDifferences": 22598,
      "proposedDifferences": 22597,
      "baselineCaseOnly": 0,
      "fixedByPR": 1,
      "introducedByPR": 0
    },
    "matches": {
      "inputs": 1293,
      "baselineDifferences": 529,
      "proposedDifferences": 528,
      "baselineCaseOnly": 0,
      "fixedByPR": 1,
      "introducedByPR": 0
    },
    "parser-normal": {
      "inputs": 26,
      "baselineDifferences": 21,
      "proposedDifferences": 21,
      "baselineCaseOnly": 0,
      "fixedByPR": 0,
      "introducedByPR": 0
    },
    "selected-examples": {
      "inputs": 80,
      "baselineDifferences": 64,
      "proposedDifferences": 59,
      "baselineCaseOnly": 4,
      "fixedByPR": 5,
      "introducedByPR": 0
    },
    "upstream-examples": {
      "inputs": 28,
      "baselineDifferences": 22,
      "proposedDifferences": 21,
      "baselineCaseOnly": 0,
      "fixedByPR": 1,
      "introducedByPR": 0
    },
    "upstream-fixtures": {
      "inputs": 89,
      "baselineDifferences": 57,
      "proposedDifferences": 57,
      "baselineCaseOnly": 1,
      "fixedByPR": 0,
      "introducedByPR": 0
    }
  },
  "directRuleProbes": {
    "matches": {
      "inputs": 462,
      "baselineDifferences": 262,
      "proposedDifferences": 261,
      "baselineCaseOnly": 0,
      "fixedByPR": 1,
      "introducedByPR": 0
    },
    "fieldsQaa": {
      "inputs": 320,
      "baselineDifferences": 320,
      "proposedDifferences": 320,
      "baselineCaseOnly": 0,
      "fixedByPR": 0,
      "introducedByPR": 0
    },
    "parserNormal": {
      "inputs": 26,
      "baselineDifferences": 21,
      "proposedDifferences": 21,
      "baselineCaseOnly": 0,
      "fixedByPR": 0,
      "introducedByPR": 0
    }
  },
  "upstreamFixturesPassed": 89,
  "v520VsBaselineDifferences": 0,
  "isoDifferences": [
    {
      "input": "tgl",
      "legacy": "fil",
      "baseline": "tl",
      "proposed": "tl"
    },
    {
      "input": "twi",
      "legacy": "ak",
      "baseline": "tw",
      "proposed": "tw"
    }
  ],
  "fixedInputs": [
    "NL-NL",
    "NLD-NL",
    "NLD-nl",
    "ZH-CMN",
    "nl-NL",
    "nl-nl",
    "zh-CMN",
    "zh-cmn"
  ]
}
Matching: [
  {
    "preference": "en-US",
    "rawTrack": "en-US",
    "legacy": {
      "track": "en",
      "range": "en",
      "matches": true
    },
    "baseline": {
      "track": "en-US",
      "range": "en-US",
      "matches": true
    },
    "proposed": {
      "track": "en-US",
      "range": "en-US",
      "matches": true
    }
  },
  {
    "preference": "en-US",
    "rawTrack": "en",
    "legacy": {
      "track": "en",
      "range": "en",
      "matches": true
    },
    "baseline": {
      "track": "en",
      "range": "en-US",
      "matches": false
    },
    "proposed": {
      "track": "en",
      "range": "en-US",
      "matches": false
    }
  },
  {
    "preference": "en-US",
    "rawTrack": "eng",
    "legacy": {
      "track": "en",
      "range": "en",
      "matches": true
    },
    "baseline": {
      "track": "en",
      "range": "en-US",
      "matches": false
    },
    "proposed": {
      "track": "en",
      "range": "en-US",
      "matches": false
    }
  },
  {
    "preference": "en-US",
    "rawTrack": "en-GB",
    "legacy": {
      "track": "en-GB",
      "range": "en",
      "matches": true
    },
    "baseline": {
      "track": "en-GB",
      "range": "en-US",
      "matches": false
    },
    "proposed": {
      "track": "en-GB",
      "range": "en-US",
      "matches": false
    }
  },
  {
    "preference": "en-GB",
    "rawTrack": "en",
    "legacy": {
      "track": "en",
      "range": "en-GB",
      "matches": false
    },
    "baseline": {
      "track": "en",
      "range": "en-GB",
      "matches": false
    },
    "proposed": {
      "track": "en",
      "range": "en-GB",
      "matches": false
    }
  },
  {
    "preference": "en",
    "rawTrack": "en-GB",
    "legacy": {
      "track": "en-GB",
      "range": "en",
      "matches": true
    },
    "baseline": {
      "track": "en-GB",
      "range": "en",
      "matches": true
    },
    "proposed": {
      "track": "en-GB",
      "range": "en",
      "matches": true
    }
  },
  {
    "preference": "nl-NL",
    "rawTrack": "nl-BE",
    "legacy": {
      "track": "nl-BE",
      "range": "nl",
      "matches": true
    },
    "baseline": {
      "track": "nl-BE",
      "range": "nl-NL",
      "matches": false
    },
    "proposed": {
      "track": "nl-BE",
      "range": "nl",
      "matches": true
    }
  },
  {
    "preference": "nl-NL",
    "rawTrack": "nl",
    "legacy": {
      "track": "nl",
      "range": "nl",
      "matches": true
    },
    "baseline": {
      "track": "nl",
      "range": "nl-NL",
      "matches": false
    },
    "proposed": {
      "track": "nl",
      "range": "nl",
      "matches": true
    }
  },
  {
    "preference": "zh-Hant",
    "rawTrack": "zh-TW",
    "legacy": {
      "track": "zh-TW",
      "range": "zh-TW",
      "matches": true
    },
    "baseline": {
      "track": "zh-TW",
      "range": "zh-Hant",
      "matches": false
    },
    "proposed": {
      "track": "zh-TW",
      "range": "zh-Hant",
      "matches": false
    }
  },
  {
    "preference": "zh-Hant",
    "rawTrack": "zh-Hant-HK",
    "legacy": {
      "track": "zh-HK",
      "range": "zh-TW",
      "matches": false
    },
    "baseline": {
      "track": "zh-Hant-HK",
      "range": "zh-Hant",
      "matches": true
    },
    "proposed": {
      "track": "zh-Hant-HK",
      "range": "zh-Hant",
      "matches": true
    }
  },
  {
    "preference": "zh-Hans",
    "rawTrack": "zh-CN",
    "legacy": {
      "track": "zh",
      "range": "zh",
      "matches": true
    },
    "baseline": {
      "track": "zh-CN",
      "range": "zh-Hans",
      "matches": false
    },
    "proposed": {
      "track": "zh-CN",
      "range": "zh-Hans",
      "matches": false
    }
  },
  {
    "preference": "sr-Cyrl",
    "rawTrack": "sr",
    "legacy": {
      "track": "sr",
      "range": "sr",
      "matches": true
    },
    "baseline": {
      "track": "sr",
      "range": "sr-Cyrl",
      "matches": false
    },
    "proposed": {
      "track": "sr",
      "range": "sr-Cyrl",
      "matches": false
    }
  },
  {
    "preference": "iw",
    "rawTrack": "he",
    "legacy": {
      "track": "he",
      "range": "he",
      "matches": true
    },
    "baseline": {
      "track": "he",
      "range": "iw",
      "matches": false
    },
    "proposed": {
      "track": "he",
      "range": "iw",
      "matches": false
    }
  },
  {
    "preference": "tgl",
    "rawTrack": "fil",
    "legacy": {
      "track": "fil",
      "range": "fil",
      "matches": true
    },
    "baseline": {
      "track": "fil",
      "range": "tl",
      "matches": false
    },
    "proposed": {
      "track": "fil",
      "range": "tl",
      "matches": false
    }
  },
  {
    "preference": "und",
    "rawTrack": "en",
    "legacy": {
      "track": "en",
      "range": "en",
      "matches": true
    },
    "baseline": {
      "track": "en",
      "range": "und",
      "matches": false
    },
    "proposed": {
      "track": "en",
      "range": "und",
      "matches": false
    }
  }
]
